<html>
<body>
<pre>
<h1>µVision Build Log</h1>
<h2>Tool Versions:</h2>
IDE-Version: ¦ÌVision V5.37.0.0
Copyright (C) 2022 ARM Ltd and ARM Germany GmbH. All rights reserved.
License Information: qq qq@qq.com, ll, LIC=32B1Q-NIQYQ-2Z1W4-FNRGH-FW8ZE-U72H9
 
Tool Versions:
Toolchain:       MDK-ARM Plus  Version: 5.37.0.0
Toolchain Path:  F:\Keil\ARM\ARMCLANG\Bin
C Compiler:      ArmClang.exe V6.18
Assembler:       Armasm.exe V6.18
Linker/Locator:  ArmLink.exe V6.18
Library Manager: ArmAr.exe V6.18
Hex Converter:   FromElf.exe V6.18
CPU DLL:         SARMCM3.DLL V5.37.0.0
Dialog DLL:      DCM.DLL V1.17.5.0
Target DLL:      STLink\ST-LINKIII-KEIL_SWO.dll V3.0.9.0
Dialog DLL:      TCM.DLL V1.56.1.0
 
<h2>Project:</h2>
F:\STM32\F4_big_project\big_project\MDK-ARM\big_project.uvprojx
Project File Date:  08/15/2026

<h2>Output:</h2>
*** Using Compiler 'V6.18', folder: 'F:\Keil\ARM\ARMCLANG\Bin'
Build target 'big_project'
../Core/Src/can.c(239): warning: passing 'volatile uint8_t *' (aka 'volatile unsigned char *') to parameter of type 'const void *' discards qualifiers [-Wincompatible-pointer-types-discards-qualifiers]
        xQueueSendFromISR(xBeepQueue, &g_beep_times, NULL);
        ^~~~~~~~~~~~~~~~~~~~~~~~~~~~~~~~~~~~~~~~~~~~~~~~~~
../Middlewares/Third_Party/FreeRTOS/Source/include\queue.h(1216): note: expanded from macro 'xQueueSendFromISR'
#define xQueueSendFromISR( xQueue, pvItemToQueue, pxHigherPriorityTaskWoken ) xQueueGenericSendFromISR( ( xQueue ), ( pvItemToQueue ), ( pxHigherPriorityTaskWoken ), queueSEND_TO_BACK )
                                                                                                                    ^~~~~~~~~~~~~~~~~
../Middlewares/Third_Party/FreeRTOS/Source/include\queue.h(1295): note: passing argument to parameter 'pvItemToQueue' here
BaseType_t xQueueGenericSendFromISR( QueueHandle_t xQueue, const void * const pvItemToQueue, BaseType_t * const pxHigherPriorityTaskWoken, const BaseType_t xCopyPosition ) PRIVILEGED_FUNCTION;
                                                                              ^
1 warning generated.
compiling can.c...
linking...
Program Size: Code=19180 RO-data=740 RW-data=20 ZI-data=23204  
FromELF: creating hex file...
"big_project\big_project.axf" - 0 Error(s), 1 Warning(s).

<h2>Software Packages used:</h2>

Package Vendor: ARM
                http://www.keil.com/pack/ARM.CMSIS.5.9.0.pack
                ARM.CMSIS.5.9.0
                CMSIS (Common Microcontroller Software Interface Standard)
   * Component: CORE Version: 5.6.0

Package Vendor: Keil
                https://www.keil.com/pack/Keil.STM32F4xx_DFP.3.1.1.pack
                Keil.STM32F4xx_DFP.3.1.1
                STMicroelectronics STM32F4 Series Device Support

<h2>Collection of Component include folders:</h2>
  ./RTE/_big_project
  F:/Keil/ARM/Pack/ARM/CMSIS/5.9.0/CMSIS/Core/Include

<h2>Collection of Component Files used:</h2>

   * Component: ARM::CMSIS:CORE:5.6.0
      Include file:  CMSIS/Core/Include/tz_context.h
Build Time Elapsed:  00:00:01
</pre>
</body>
</html>
